[35mLoaded: [POST] /item/path?paramTwo=12345&paramOne=valueOne[0m
[35mLoaded: [GET] /item/redirect[0m
[35mLoaded: [GET] /atomfeed/1[0m
[35mLoaded: [GET] /item/1[0m
[35mLoaded: [GET] /item/auth[0m
[35mLoaded: [POST] /item/1[0m
[35mLoaded: [POST] /item/submit[0m

[1m[30mAdmin portal configured at http://localhost:8889[0m
[1m[30mStubs portal configured at http://localhost:8882[0m
[1m[30mStubs portal configured with SSL at https://localhost:4443 using internal keystore[0m
[34m
Quit: ctrl-c
[0m
[36m[14:22:59] -> GET [stubs]/item/1[0m
[32m[14:22:59] <- 200 [stubs]/item/1 OK[0m
[36m[14:22:59] -> GET [stubs]/item/1[0m
[32m[14:22:59] <- 200 [stubs]/item/1 OK[0m
[36m[14:22:59] -> GET [stubs]/item/1[0m
[32m[14:22:59] <- 200 [stubs]/item/1 OK[0m
[36m[14:22:59] -> GET [stubs]/item/1[0m
[32m[14:22:59] <- 200 [stubs]/item/1 OK[0m
[36m[14:22:59] -> GET [stubs]/item/auth[0m
[32m[14:22:59] <- 200 [stubs]/item/auth OK[0m
[36m[14:22:59] -> GET [stubs]/item/auth[0m
[32m[14:22:59] <- 200 [stubs]/item/auth OK[0m
[36m[14:22:59] -> GET [stubs]/item/auth[0m
[32m[14:22:59] <- 200 [stubs]/item/auth OK[0m
[36m[14:22:59] -> GET [stubs]/item/auth[0m
[32m[14:22:59] <- 200 [stubs]/item/auth OK[0m
[36m[14:22:59] -> GET [stubs]/item/auth[0m
[32m[14:22:59] <- 200 [stubs]/item/auth OK[0m
[36m[14:22:59] -> GET [stubs]/item/888[0m
[32m[14:22:59] <- 200 [stubs]/item/888 OK[0m
[36m[14:22:59] -> POST [stubs]/item/1[0m
[32m[14:22:59] <- 200 [stubs]/item/1 OK[0m
[36m[14:22:59] -> POST [stubs]/item/submit[0m
[32m[14:22:59] <- 200 [stubs]/item/submit OK[0m
[36m[14:22:59] -> POST [stubs]/item/submit[0m
[32m[14:22:59] <- 200 [stubs]/item/submit OK[0m
[36m[14:22:59] -> POST [stubs]/item/1[0m
[32m[14:22:59] <- 200 [stubs]/item/1 OK[0m
[36m[14:22:59] -> POST [stubs]/[0m
[32m[14:22:59] <- 200 [stubs]/ OK[0m
[36m[14:22:59] -> POST [stubs]/[0m
[32m[14:22:59] <- 200 [stubs]/ OK[0m
[36m[14:22:59] -> POST [stubs]/item/1[0m
[32m[14:22:59] <- 200 [stubs]/item/1 OK[0m
[36m[14:22:59] -> POST [stubs]/item/1[0m
[31m[14:22:59] -> POST [stubs]/item/1: Error when extracting POST body: java.util.NoSuchElementException, returning null..[0m
[32m[14:22:59] <- 200 [stubs]/item/1 OK[0m
[36m[14:22:59] -> POST [stubs]/item/path[0m
[31m[14:22:59] -> POST [stubs]/item/path: Error when extracting POST body: java.util.NoSuchElementException, returning null..[0m
[32m[14:22:59] <- 200 [stubs]/item/path OK[0m
[36m[14:22:59] -> POST [stubs]/item/path[0m
[31m[14:22:59] -> POST [stubs]/item/path: Error when extracting POST body: java.util.NoSuchElementException, returning null..[0m
[32m[14:22:59] <- 200 [stubs]/item/path OK[0m
[36m[14:22:59] -> POST [stubs]/item/path[0m
[31m[14:22:59] -> POST [stubs]/item/path: Error when extracting POST body: java.util.NoSuchElementException, returning null..[0m
[32m[14:22:59] <- 200 [stubs]/item/path OK[0m
[36m[14:22:59] -> POST [admin]/stubdata/new[0m
[35mLoaded: [POST] /item/path?paramTwo=12345&paramOne=valueOne[0m
[35mLoaded: [GET] /item/redirect[0m
[35mLoaded: [GET] /atomfeed/1[0m
[35mLoaded: [GET] /item/1[0m
[35mLoaded: [GET] /item/auth[0m
[35mLoaded: [POST] /item/1[0m
[35mLoaded: [POST] /item/submit[0m
[32m[14:22:59] <- 200 [admin]/stubdata/new OK[0m
[36m[14:22:59] -> POST [admin]/stubdata/new[0m
[31m[14:22:59] -> POST [admin]/stubdata/new: Error when extracting POST body: java.util.NoSuchElementException, returning null..[0m
[36m[14:22:59] -> POST [admin]/stubdata/new[0m
[31m[14:22:59] -> POST [admin]/stubdata/new: Error when extracting POST body: java.util.NoSuchElementException, returning null..[0m
